// Jest Snapshot v1, https://goo.gl/fbAQLP

exports[`CountDown basic render 1`] = `
Object {
  "attributes": Object {
    "class": "rax-view-v2 rax-countdown-main",
  },
  "children": Array [
    Object {
      "attributes": Object {
        "class": "rax-view-v2 rax-countdown-item",
      },
      "children": Array [
        Object {
          "attributes": Object {
            "class": "rax-text-v2 ",
          },
          "children": Array [
            "0",
          ],
          "style": Object {
            "WebkitLineClamp": undefined,
            "lineClamp": undefined,
          },
          "tagName": "SPAN",
        },
        Object {
          "attributes": Object {
            "class": "rax-text-v2 ",
          },
          "children": Array [
            "0",
          ],
          "style": Object {
            "WebkitLineClamp": undefined,
            "lineClamp": undefined,
          },
          "tagName": "SPAN",
        },
      ],
      "tagName": "DIV",
    },
    Object {
      "attributes": Object {
        "class": "rax-text-v2 ",
      },
      "children": Array [
        "天",
      ],
      "style": Object {
        "WebkitLineClamp": undefined,
        "lineClamp": undefined,
      },
      "tagName": "SPAN",
    },
    Object {
      "attributes": Object {
        "class": "rax-view-v2 rax-countdown-item",
      },
      "children": Array [
        Object {
          "attributes": Object {
            "class": "rax-text-v2 ",
          },
          "children": Array [
            "0",
          ],
          "style": Object {
            "WebkitLineClamp": undefined,
            "lineClamp": undefined,
          },
          "tagName": "SPAN",
        },
        Object {
          "attributes": Object {
            "class": "rax-text-v2 ",
          },
          "children": Array [
            "0",
          ],
          "style": Object {
            "WebkitLineClamp": undefined,
            "lineClamp": undefined,
          },
          "tagName": "SPAN",
        },
      ],
      "tagName": "DIV",
    },
    Object {
      "attributes": Object {
        "class": "rax-text-v2 ",
      },
      "children": Array [
        "时",
      ],
      "style": Object {
        "WebkitLineClamp": undefined,
        "lineClamp": undefined,
      },
      "tagName": "SPAN",
    },
    Object {
      "attributes": Object {
        "class": "rax-view-v2 rax-countdown-item",
      },
      "children": Array [
        Object {
          "attributes": Object {
            "class": "rax-text-v2 ",
          },
          "children": Array [
            "0",
          ],
          "style": Object {
            "WebkitLineClamp": undefined,
            "lineClamp": undefined,
          },
          "tagName": "SPAN",
        },
        Object {
          "attributes": Object {
            "class": "rax-text-v2 ",
          },
          "children": Array [
            "0",
          ],
          "style": Object {
            "WebkitLineClamp": undefined,
            "lineClamp": undefined,
          },
          "tagName": "SPAN",
        },
      ],
      "tagName": "DIV",
    },
    Object {
      "attributes": Object {
        "class": "rax-text-v2 ",
      },
      "children": Array [
        "分",
      ],
      "style": Object {
        "WebkitLineClamp": undefined,
        "lineClamp": undefined,
      },
      "tagName": "SPAN",
    },
    Object {
      "attributes": Object {
        "class": "rax-view-v2 rax-countdown-item",
      },
      "children": Array [
        Object {
          "attributes": Object {
            "class": "rax-text-v2 ",
          },
          "children": Array [
            "0",
          ],
          "style": Object {
            "WebkitLineClamp": undefined,
            "lineClamp": undefined,
          },
          "tagName": "SPAN",
        },
        Object {
          "attributes": Object {
            "class": "rax-text-v2 ",
          },
          "children": Array [
            "1",
          ],
          "style": Object {
            "WebkitLineClamp": undefined,
            "lineClamp": undefined,
          },
          "tagName": "SPAN",
        },
      ],
      "tagName": "DIV",
    },
    Object {
      "attributes": Object {
        "class": "rax-text-v2 ",
      },
      "children": Array [
        "秒",
      ],
      "style": Object {
        "WebkitLineClamp": undefined,
        "lineClamp": undefined,
      },
      "tagName": "SPAN",
    },
  ],
  "tagName": "DIV",
}
`;

exports[`CountDown render days bigger than 99 1`] = `
Object {
  "attributes": Object {
    "class": "rax-view-v2 rax-countdown-main",
  },
  "children": Array [
    Object {
      "attributes": Object {
        "class": "rax-view-v2 rax-countdown-item",
      },
      "children": Array [
        Object {
          "attributes": Object {
            "class": "rax-text-v2 ",
          },
          "children": Array [
            "1",
          ],
          "style": Object {
            "WebkitLineClamp": undefined,
            "lineClamp": undefined,
          },
          "tagName": "SPAN",
        },
        Object {
          "attributes": Object {
            "class": "rax-text-v2 ",
          },
          "children": Array [
            "1",
          ],
          "style": Object {
            "WebkitLineClamp": undefined,
            "lineClamp": undefined,
          },
          "tagName": "SPAN",
        },
        Object {
          "attributes": Object {
            "class": "rax-text-v2 ",
          },
          "children": Array [
            "5",
          ],
          "style": Object {
            "WebkitLineClamp": undefined,
            "lineClamp": undefined,
          },
          "tagName": "SPAN",
        },
        Object {
          "attributes": Object {
            "class": "rax-text-v2 ",
          },
          "children": Array [
            "7",
          ],
          "style": Object {
            "WebkitLineClamp": undefined,
            "lineClamp": undefined,
          },
          "tagName": "SPAN",
        },
      ],
      "tagName": "DIV",
    },
    Object {
      "attributes": Object {
        "class": "rax-text-v2 ",
      },
      "children": Array [
        "天",
      ],
      "style": Object {
        "WebkitLineClamp": undefined,
        "lineClamp": undefined,
      },
      "tagName": "SPAN",
    },
    Object {
      "attributes": Object {
        "class": "rax-view-v2 rax-countdown-item",
      },
      "children": Array [
        Object {
          "attributes": Object {
            "class": "rax-text-v2 ",
          },
          "children": Array [
            "0",
          ],
          "style": Object {
            "WebkitLineClamp": undefined,
            "lineClamp": undefined,
          },
          "tagName": "SPAN",
        },
        Object {
          "attributes": Object {
            "class": "rax-text-v2 ",
          },
          "children": Array [
            "9",
          ],
          "style": Object {
            "WebkitLineClamp": undefined,
            "lineClamp": undefined,
          },
          "tagName": "SPAN",
        },
      ],
      "tagName": "DIV",
    },
    Object {
      "attributes": Object {
        "class": "rax-text-v2 ",
      },
      "children": Array [
        "时",
      ],
      "style": Object {
        "WebkitLineClamp": undefined,
        "lineClamp": undefined,
      },
      "tagName": "SPAN",
    },
    Object {
      "attributes": Object {
        "class": "rax-view-v2 rax-countdown-item",
      },
      "children": Array [
        Object {
          "attributes": Object {
            "class": "rax-text-v2 ",
          },
          "children": Array [
            "4",
          ],
          "style": Object {
            "WebkitLineClamp": undefined,
            "lineClamp": undefined,
          },
          "tagName": "SPAN",
        },
        Object {
          "attributes": Object {
            "class": "rax-text-v2 ",
          },
          "children": Array [
            "6",
          ],
          "style": Object {
            "WebkitLineClamp": undefined,
            "lineClamp": undefined,
          },
          "tagName": "SPAN",
        },
      ],
      "tagName": "DIV",
    },
    Object {
      "attributes": Object {
        "class": "rax-text-v2 ",
      },
      "children": Array [
        "分",
      ],
      "style": Object {
        "WebkitLineClamp": undefined,
        "lineClamp": undefined,
      },
      "tagName": "SPAN",
    },
    Object {
      "attributes": Object {
        "class": "rax-view-v2 rax-countdown-item",
      },
      "children": Array [
        Object {
          "attributes": Object {
            "class": "rax-text-v2 ",
          },
          "children": Array [
            "4",
          ],
          "style": Object {
            "WebkitLineClamp": undefined,
            "lineClamp": undefined,
          },
          "tagName": "SPAN",
        },
        Object {
          "attributes": Object {
            "class": "rax-text-v2 ",
          },
          "children": Array [
            "0",
          ],
          "style": Object {
            "WebkitLineClamp": undefined,
            "lineClamp": undefined,
          },
          "tagName": "SPAN",
        },
      ],
      "tagName": "DIV",
    },
    Object {
      "attributes": Object {
        "class": "rax-text-v2 ",
      },
      "children": Array [
        "秒",
      ],
      "style": Object {
        "WebkitLineClamp": undefined,
        "lineClamp": undefined,
      },
      "tagName": "SPAN",
    },
  ],
  "tagName": "DIV",
}
`;

exports[`CountDown render timeRemaining smaller than 0 1`] = `
Object {
  "attributes": Object {
    "class": "rax-view-v2 rax-countdown-main",
  },
  "children": Array [
    Object {
      "attributes": Object {
        "class": "rax-view-v2 rax-countdown-item",
      },
      "children": Array [
        Object {
          "attributes": Object {
            "class": "rax-text-v2 ",
          },
          "children": Array [
            "0",
          ],
          "style": Object {
            "WebkitLineClamp": undefined,
            "lineClamp": undefined,
          },
          "tagName": "SPAN",
        },
        Object {
          "attributes": Object {
            "class": "rax-text-v2 ",
          },
          "children": Array [
            "0",
          ],
          "style": Object {
            "WebkitLineClamp": undefined,
            "lineClamp": undefined,
          },
          "tagName": "SPAN",
        },
      ],
      "tagName": "DIV",
    },
    Object {
      "attributes": Object {
        "class": "rax-text-v2 ",
      },
      "children": Array [
        "分",
      ],
      "style": Object {
        "WebkitLineClamp": undefined,
        "lineClamp": undefined,
      },
      "tagName": "SPAN",
    },
    Object {
      "attributes": Object {
        "class": "rax-view-v2 rax-countdown-item",
      },
      "children": Array [
        Object {
          "attributes": Object {
            "class": "rax-text-v2 ",
          },
          "children": Array [
            "0",
          ],
          "style": Object {
            "WebkitLineClamp": undefined,
            "lineClamp": undefined,
          },
          "tagName": "SPAN",
        },
        Object {
          "attributes": Object {
            "class": "rax-text-v2 ",
          },
          "children": Array [
            "0",
          ],
          "style": Object {
            "WebkitLineClamp": undefined,
            "lineClamp": undefined,
          },
          "tagName": "SPAN",
        },
      ],
      "tagName": "DIV",
    },
    Object {
      "attributes": Object {
        "class": "rax-text-v2 ",
      },
      "children": Array [
        "秒",
      ],
      "style": Object {
        "WebkitLineClamp": undefined,
        "lineClamp": undefined,
      },
      "tagName": "SPAN",
    },
  ],
  "tagName": "DIV",
}
`;

exports[`CountDown render with custom style 1`] = `
Object {
  "attributes": Object {
    "class": "rax-view-v2 rax-countdown-main",
  },
  "children": Array [
    Object {
      "attributes": Object {
        "class": "rax-view-v2 rax-countdown-item",
      },
      "children": Array [
        Object {
          "attributes": Object {
            "class": "rax-text-v2 ",
          },
          "children": Array [
            "0",
          ],
          "style": Object {
            "WebkitLineClamp": undefined,
            "backgroundColor": "red",
            "color": "#007457",
            "lineClamp": undefined,
            "marginLeft": "2rpx",
            "marginRight": "2rpx",
          },
          "tagName": "SPAN",
        },
        Object {
          "attributes": Object {
            "class": "rax-text-v2 ",
          },
          "children": Array [
            "0",
          ],
          "style": Object {
            "WebkitLineClamp": undefined,
            "backgroundColor": "yellow",
            "lineClamp": undefined,
          },
          "tagName": "SPAN",
        },
      ],
      "tagName": "DIV",
    },
    Object {
      "attributes": Object {
        "class": "rax-text-v2 ",
      },
      "children": Array [
        "-",
      ],
      "style": Object {
        "WebkitLineClamp": undefined,
        "backgroundColor": "blue",
        "lineClamp": undefined,
      },
      "tagName": "SPAN",
    },
    Object {
      "attributes": Object {
        "class": "rax-view-v2 rax-countdown-item",
      },
      "children": Array [
        Object {
          "attributes": Object {
            "class": "rax-text-v2 ",
          },
          "children": Array [
            "0",
          ],
          "style": Object {
            "WebkitLineClamp": undefined,
            "backgroundColor": "red",
            "color": "#007457",
            "lineClamp": undefined,
            "marginLeft": "2rpx",
            "marginRight": "2rpx",
          },
          "tagName": "SPAN",
        },
        Object {
          "attributes": Object {
            "class": "rax-text-v2 ",
          },
          "children": Array [
            "0",
          ],
          "style": Object {
            "WebkitLineClamp": undefined,
            "backgroundColor": "yellow",
            "lineClamp": undefined,
          },
          "tagName": "SPAN",
        },
      ],
      "tagName": "DIV",
    },
    Object {
      "attributes": Object {
        "class": "rax-text-v2 ",
      },
      "children": Array [
        "-",
      ],
      "style": Object {
        "WebkitLineClamp": undefined,
        "backgroundColor": "blue",
        "lineClamp": undefined,
      },
      "tagName": "SPAN",
    },
    Object {
      "attributes": Object {
        "class": "rax-view-v2 rax-countdown-item",
      },
      "children": Array [
        Object {
          "attributes": Object {
            "class": "rax-text-v2 ",
          },
          "children": Array [
            "0",
          ],
          "style": Object {
            "WebkitLineClamp": undefined,
            "backgroundColor": "red",
            "color": "#007457",
            "lineClamp": undefined,
            "marginLeft": "2rpx",
            "marginRight": "2rpx",
          },
          "tagName": "SPAN",
        },
        Object {
          "attributes": Object {
            "class": "rax-text-v2 ",
          },
          "children": Array [
            "1",
          ],
          "style": Object {
            "WebkitLineClamp": undefined,
            "backgroundColor": "yellow",
            "lineClamp": undefined,
          },
          "tagName": "SPAN",
        },
      ],
      "tagName": "DIV",
    },
    Object {
      "attributes": Object {
        "class": "rax-text-v2 ",
      },
      "children": Array [
        "-",
      ],
      "style": Object {
        "WebkitLineClamp": undefined,
        "backgroundColor": "blue",
        "lineClamp": undefined,
      },
      "tagName": "SPAN",
    },
    Object {
      "attributes": Object {
        "class": "rax-view-v2 rax-countdown-item",
      },
      "children": Array [
        Object {
          "attributes": Object {
            "class": "rax-text-v2 ",
          },
          "children": Array [
            "4",
          ],
          "style": Object {
            "WebkitLineClamp": undefined,
            "backgroundColor": "red",
            "color": "#007457",
            "lineClamp": undefined,
            "marginLeft": "2rpx",
            "marginRight": "2rpx",
          },
          "tagName": "SPAN",
        },
        Object {
          "attributes": Object {
            "class": "rax-text-v2 ",
          },
          "children": Array [
            "0",
          ],
          "style": Object {
            "WebkitLineClamp": undefined,
            "backgroundColor": "yellow",
            "lineClamp": undefined,
          },
          "tagName": "SPAN",
        },
      ],
      "tagName": "DIV",
    },
  ],
  "tagName": "DIV",
}
`;
